sail-x86-system: VGA BIOS loaded (39424 bytes, checksum OK)
sail-x86-system: BIOS=build/bios.bin (131072 bytes), RAM=16MB
sail-x86-system: reset vector CS:IP=f000:fff0 (linear 0xfffffff0)
sail-x86-system: HDA=build/os-boot/msdos622.img
sail-x86-system: CDROM=build/os-boot/msdos622.iso
SeaBIOS (version 1.16.3-20260925_004624-odyssey)
BUILD: gcc: (Ubuntu 13.3.0-6ubuntu2~24.04.1) 13.3.0 binutils: (GNU Binutils for Ubuntu) 2.42
Found QEMU fw_cfg
qemu/e820: fw_cfg file etc/e820 not found
RamSize: 0x01000000 [cmos]
Relocating init from 0x000e8fa0 to 0x00fb6320 (size 40000)
RamSizeOver4G: 0x0000000000000000 [cmos]
=== PCI bus & bridge init ===
PCI: pci_bios_init_bus_rec bus = 0x0
=== PCI device probing ===
Found 5 PCI devices (max PCI bus is 00)
=== PCI new allocation pass #1 ===
PCI: check devices
=== PCI new allocation pass #2 ===
PCI: IO: c000 - c00f
PCI: 32: 0000000080000000 - 00000000fec00000
PCI: map device bdf=00:01.1  bar 4, addr 0000c000, size 00000010 [io]
PCI: map device bdf=00:02.0  bar 6, addr febf0000, size 00010000 [mem]
PCI: map device bdf=00:02.0  bar 0, addr fd000000, size 01000000 [prefmem]
PCI: init bdf=00:00.0 id=8086:1237
PCI: init bdf=00:01.0 id=8086:7000
PIIX3/PIIX4 init: elcr=00 0c
PCI: init bdf=00:01.1 id=8086:7010
PCI: init bdf=00:01.3 id=8086:7113
Using pmtimer, ioport 0xb008
PCI: init bdf=00:02.0 id=1234:1111
PCI: Using 00:02.0 for primary VGA
Found 1 cpu(s) max supported 1 cpu(s)
Copying MPTABLE from 0x00006e20/fadc20 to 0x000f2b10
ACPI DSDT=0x00ffe4f0
Copying ACPI RSDP from 0x00006dfc to 0x000f2af0
Scan for VGA option rom
Running option rom at c000:0003
Start SeaVGABIOS (version 1.16.3-20260925_004617-odyssey)
VGABUILD: gcc: (Ubuntu 13.3.0-6ubuntu2~24.04.1) 13.3.0 binutils: (GNU Binutils for Ubuntu) 2.42
enter vga_post:
   a=00000010  b=0000ffff  c=00000000  d=0000ffff ds=0000 es=f000 ss=0000
  si=00000000 di=00008d21 bp=00000000 sp=00006da2 cs=f000 ip=d692  f=0000
VBE DISPI: bdf 00:02.0, bar 0
VBE DISPI: lfb_addr=fd000000, size 16 MB
Removing mode 199
Removing mode 19a
Removing mode 19b
Removing mode 19c
Removing mode 19d
Removing mode 19e
Attempting to allocate 512 bytes lowmem via pmm call to f000:d734
pmm call arg1=0
VGA stack allocated at ef580
Turning on vga text mode console
set VGA mode 3
SeaBIOS (version 1.16.3-20260925_004624-odyssey)
PS2 keyboard initialized
ATA controller 1 at 1f0/3f4/0 (irq 14 dev 9)
ata0-0: Sail-x86 Virtual Disk ATA-6 Hard-Disk (128 MiBytes)
Searching bootorder for: /pci@i0cf8/*@1,1/drive@0/disk@0
Searching bios-geometry for: /pci@i0cf8/*@1,1/drive@0/disk@0
ATA controller 2 at 170/374/0 (irq 15 dev 9)
DVD/CD [ata1-0: Sail-x86 CD-ROM ATAPI-6 DVD/CD]
Searching bootorder for: /pci@i0cf8/*@1,1/drive@1/disk@0
Searching bios-geometry for: /pci@i0cf8/*@1,1/drive@1/disk@0
Searching bootorder for: HALT
Found 1 serial ports
Scan for option roms
Searching bootorder for: HALT
drive 0x000f2a90: PCHS=260/16/63 translation=none LCHS=260/16/63 s=262144
Space available for UMB: ca000-ee800, f0000-f2a00
Returned 253952 bytes of ZoneHigh
e820 map has 6 items:
  0: 0000000000000000 - 000000000009fc00 = 1 RAM
  1: 000000000009fc00 - 00000000000a0000 = 2 RESERVED
  2: 00000000000f0000 - 0000000000100000 = 2 RESERVED
  3: 0000000000100000 - 0000000000ffe000 = 1 RAM
  4: 0000000000ffe000 - 0000000001000000 = 2 RESERVED
  5: 00000000fffc0000 - 0000000100000000 = 2 RESERVED
enter handle_19:
  NULL
Booting from DVD/CD...
Booting from 0000:7c00
sail-x86-system: framebuffer 720x400x4 saved to build/os-boot/msdos-format-02.png
[89129858] CS:RIP=0250:000000a7 mode=R
  RAX=0000000000000002 RBX=000000000000037c RCX=0000000000000001 RDX=000000000000d90a
  RSP=0000000000000a68 RBP=0000000000000a68 RSI=00000000000000ee RDI=00000000000003bc
  R8 =0000000000000000 R9 =0000000000000000 R10=0000000000000000 R11=0000000000000000
  R12=0000000000000000 R13=0000000000000000 R14=0000000000000000 R15=0000000000000000
  K0 =0000000000000000 K1 =0000000000000000 K2 =0000000000000000 K3 =0000000000000000
  K4 =0000000000000000 K5 =0000000000000000 K6 =0000000000000000 K7 =0000000000000000
  YMM16=0000000000000000000000000000000000000000000000000000000000000000
  CS=0250 DS=0070 ES=0116 SS=0116 FS=0000 GS=0000
  FLAGS CF=0 PF=1 AF=0 ZF=0 SF=0 OF=0 DF=0 IF=1
  CR0=0000000000000030 CR2=0000000000000000 CR3=0000000000000000 CR4=0000000000000000 EFER=0000000000000000
  CPL=0 GDTR=000000000008f466:002f IDTR=0000000000000000:03ff LDTR=0000
  SEG[0] base=0000000000001160 limit=0000ffff D/B=0 DPL=0 type=3
  SEG[1] base=0000000000002500 limit=0000ffff D/B=0 DPL=0 type=b
  SEG[2] base=0000000000001160 limit=0000ffff D/B=0 DPL=0 type=3
  SEG[3] base=0000000000000700 limit=0000ffff D/B=0 DPL=0 type=3
  SEG[4] base=0000000000000000 limit=0000ffff D/B=0 DPL=0 type=3
  SEG[5] base=0000000000000000 limit=0000ffff D/B=0 DPL=0 type=3
  APIC SVR=000001ff TPR=00 PPR=00 TIMER=00010000 COUNT=0 pending=-1
    initial=0 divide=0 LINT0=00008700 LINT1=00008400 clock=22282464500 ns
    vectors   0- 31 IRR=00000000 ISR=00000000 TMR=00000000
    vectors  32- 63 IRR=00000000 ISR=00000000 TMR=00000000
    vectors  64- 95 IRR=00000000 ISR=00000000 TMR=00000000
    vectors  96-127 IRR=00000000 ISR=00000000 TMR=00000000
    vectors 128-159 IRR=00000000 ISR=00000000 TMR=00000000
    vectors 160-191 IRR=00000000 ISR=00000000 TMR=00000000
    vectors 192-223 IRR=00000000 ISR=00000000 TMR=00000000
    vectors 224-255 IRR=00000000 ISR=00000000 TMR=00000000
  PIC master IRR=10 IMR=b8 ISR=00  slave IRR=00 IMR=8e ISR=00  running
  IOAPIC id=0 select=00
    pin=0 redir=0000000000010000 asserted=0
    pin=1 redir=0000000000010000 asserted=0
    pin=2 redir=0000000000010000 asserted=0
    pin=3 redir=0000000000010000 asserted=0
    pin=4 redir=0000000000010000 asserted=0
    pin=5 redir=0000000000010000 asserted=0
    pin=6 redir=0000000000010000 asserted=0
    pin=7 redir=0000000000010000 asserted=0
    pin=8 redir=0000000000010000 asserted=0
    pin=9 redir=0000000000010000 asserted=0
    pin=10 redir=0000000000010000 asserted=0
    pin=11 redir=0000000000010000 asserted=0
    pin=12 redir=0000000000010000 asserted=0
    pin=13 redir=0000000000010000 asserted=0
    pin=14 redir=0000000000010000 asserted=0
    pin=15 redir=0000000000010000 asserted=0
    pin=16 redir=0000000000010000 asserted=0
    pin=17 redir=0000000000010000 asserted=0
    pin=18 redir=0000000000010000 asserted=0
    pin=19 redir=0000000000010000 asserted=0
    pin=20 redir=0000000000010000 asserted=0
    pin=21 redir=0000000000010000 asserted=0
    pin=22 redir=0000000000010000 asserted=0
    pin=23 redir=0000000000010000 asserted=0
  PIT0 mode=2 count=26462 reload=0 gate=1 output=0
  PIT1 mode=0 count=0 reload=0 gate=1 output=0
  PIT2 mode=0 count=0 reload=0 gate=0 output=0
  RTC index=07 A=26 B=02 C=50 D=80 time=12:00:22 ticks=730151 second=22
  IDE channel 1f0 selected=0 IRQ=0 pending=0
  IDE 1f0.0 kind=1 cmd=08 at=3584407000 ns status=41 error=04 features=00 count=00 lba=000000 dh=e0 nIEN=0 IRQ=0 pending=0
    phase=idle buffer=512/512 block_end=512 limit=512 write_lba=0 packet=0 cdb_pos=0 CDB=00 00 00 00 00 00 00 00 00 00 00 00 
  IDE 1f0.1 kind=0 cmd=00 at=0 ns status=00 error=01 features=00 count=00 lba=000000 dh=e0 nIEN=0 IRQ=0 pending=0
    phase=idle buffer=0/0 block_end=0 limit=512 write_lba=0 packet=0 cdb_pos=0 CDB=00 00 00 00 00 00 00 00 00 00 00 00 
  IDE channel 170 selected=0 IRQ=0 pending=0
  IDE 170.0 kind=2 cmd=a0 at=21167098750 ns status=40 error=00 features=00 count=03 lba=080000 dh=a0 nIEN=0 IRQ=0 pending=0
    phase=idle buffer=2048/2048 block_end=2048 limit=2048 write_lba=0 packet=1 cdb_pos=12 CDB=28 00 00 00 02 d0 00 00 01 00 00 00 
  IDE 170.1 kind=0 cmd=00 at=0 ns status=00 error=01 features=00 count=00 lba=080000 dh=a0 nIEN=0 IRQ=0 pending=0
    phase=idle buffer=0/0 block_end=0 limit=512 write_lba=0 packet=0 cdb_pos=0 CDB=00 00 00 00 00 00 00 00 00 00 00 00 
  VGA text screen:
                                                                                
                                                                                
  CD-ROM Device Driver for IDE (Four Channels Supported)                        
  (C)Copyright Oak Technology Inc. 1993-1996                                    
  Driver Version     : V340                                                     
  Device Name        : BANANA                                                   
  No drives found, aborting installation                                        
                                                                                
                                                                                
Device driver not found: 'BANANA'.                                              
No valid CDROM device drivers selected                                          
A:\>format c: /s                                                                
                                                                                
WARNING: ALL DATA ON NON-REMOVABLE DISK                                         
DRIVE C: WILL BE LOST!                                                          
Proceed with Format (Y/N)?                                                      
                                                                                
                                                                                
                                                                                
                                                                                
                                                                                
                                                                                
                                                                                
                                                                                
                                                                                
sail-x86-system: framebuffer 720x400x4 saved to build/os-boot/msdos-format-02.png
[208077402] CS:RIP=0019:0000758e mode=R
  RAX=0000000000000700 RBX=0000000000000000 RCX=0000000000000041 RDX=000000000000007f
  RSP=0000000000000a8e RBP=00000000000013d0 RSI=000000000000010d RDI=00000000000001fb
  R8 =0000000000000000 R9 =0000000000000000 R10=0000000000000000 R11=0000000000000000
  R12=0000000000000000 R13=0000000000000000 R14=0000000000000000 R15=0000000000000000
  K0 =0000000000000000 K1 =0000000000000000 K2 =0000000000000000 K3 =0000000000000000
  K4 =0000000000000000 K5 =0000000000000000 K6 =0000000000000000 K7 =0000000000000000
  YMM16=0000000000000000000000000000000000000000000000000000000000000000
  CS=0019 DS=0116 ES=0116 SS=0116 FS=0000 GS=0000
  FLAGS CF=0 PF=1 AF=0 ZF=1 SF=0 OF=0 DF=0 IF=1
  CR0=0000000000000030 CR2=0000000000000000 CR3=0000000000000000 CR4=0000000000000000 EFER=0000000000000000
  CPL=0 GDTR=000000000008f466:002f IDTR=0000000000000000:03ff LDTR=0000
  SEG[0] base=0000000000001160 limit=0000ffff D/B=0 DPL=0 type=3
  SEG[1] base=0000000000000190 limit=0000ffff D/B=0 DPL=0 type=b
  SEG[2] base=0000000000001160 limit=0000ffff D/B=0 DPL=0 type=3
  SEG[3] base=0000000000001160 limit=0000ffff D/B=0 DPL=0 type=3
  SEG[4] base=0000000000000000 limit=0000ffff D/B=0 DPL=0 type=3
  SEG[5] base=0000000000000000 limit=0000ffff D/B=0 DPL=0 type=3
  APIC SVR=000001ff TPR=00 PPR=00 TIMER=00010000 COUNT=0 pending=-1
    initial=0 divide=0 LINT0=00008700 LINT1=00008400 clock=52019350500 ns
    vectors   0- 31 IRR=00000000 ISR=00000000 TMR=00000000
    vectors  32- 63 IRR=00000000 ISR=00000000 TMR=00000000
    vectors  64- 95 IRR=00000000 ISR=00000000 TMR=00000000
    vectors  96-127 IRR=00000000 ISR=00000000 TMR=00000000
    vectors 128-159 IRR=00000000 ISR=00000000 TMR=00000000
    vectors 160-191 IRR=00000000 ISR=00000000 TMR=00000000
    vectors 192-223 IRR=00000000 ISR=00000000 TMR=00000000
    vectors 224-255 IRR=00000000 ISR=00000000 TMR=00000000
  PIC master IRR=10 IMR=b8 ISR=00  slave IRR=00 IMR=8e ISR=00  running
  IOAPIC id=0 select=00
    pin=0 redir=0000000000010000 asserted=0
    pin=1 redir=0000000000010000 asserted=0
    pin=2 redir=0000000000010000 asserted=0
    pin=3 redir=0000000000010000 asserted=0
    pin=4 redir=0000000000010000 asserted=0
    pin=5 redir=0000000000010000 asserted=0
    pin=6 redir=0000000000010000 asserted=0
    pin=7 redir=0000000000010000 asserted=0
    pin=8 redir=0000000000010000 asserted=0
    pin=9 redir=0000000000010000 asserted=0
    pin=10 redir=0000000000010000 asserted=0
    pin=11 redir=0000000000010000 asserted=0
    pin=12 redir=0000000000010000 asserted=0
    pin=13 redir=0000000000010000 asserted=0
    pin=14 redir=0000000000010000 asserted=0
    pin=15 redir=0000000000010000 asserted=0
    pin=16 redir=0000000000010000 asserted=0
    pin=17 redir=0000000000010000 asserted=0
    pin=18 redir=0000000000010000 asserted=0
    pin=19 redir=0000000000010000 asserted=0
    pin=20 redir=0000000000010000 asserted=0
    pin=21 redir=0000000000010000 asserted=0
    pin=22 redir=0000000000010000 asserted=0
    pin=23 redir=0000000000010000 asserted=0
  PIT0 mode=2 count=5197 reload=0 gate=1 output=0
  PIT1 mode=0 count=0 reload=0 gate=1 output=0
  PIT2 mode=0 count=0 reload=0 gate=0 output=0
  RTC index=07 A=26 B=02 C=50 D=80 time=12:00:52 ticks=1704570 second=52
  IDE channel 1f0 selected=0 IRQ=0 pending=0
  IDE 1f0.0 kind=1 cmd=30 at=46914213500 ns status=40 error=00 features=00 count=01 lba=000000 dh=e0 nIEN=0 IRQ=0 pending=0
    phase=idle buffer=512/512 block_end=512 limit=512 write_lba=1 packet=0 cdb_pos=0 CDB=00 00 00 00 00 00 00 00 00 00 00 00 
  IDE 1f0.1 kind=0 cmd=00 at=0 ns status=00 error=01 features=00 count=01 lba=000000 dh=e0 nIEN=0 IRQ=0 pending=0
    phase=idle buffer=0/0 block_end=0 limit=512 write_lba=0 packet=0 cdb_pos=0 CDB=00 00 00 00 00 00 00 00 00 00 00 00 
  IDE channel 170 selected=0 IRQ=0 pending=0
  IDE 170.0 kind=2 cmd=a0 at=21167098750 ns status=40 error=00 features=00 count=03 lba=080000 dh=a0 nIEN=0 IRQ=0 pending=0
    phase=idle buffer=2048/2048 block_end=2048 limit=2048 write_lba=0 packet=1 cdb_pos=12 CDB=28 00 00 00 02 d0 00 00 01 00 00 00 
  IDE 170.1 kind=0 cmd=00 at=0 ns status=00 error=01 features=00 count=00 lba=080000 dh=a0 nIEN=0 IRQ=0 pending=0
    phase=idle buffer=0/0 block_end=0 limit=512 write_lba=0 packet=0 cdb_pos=0 CDB=00 00 00 00 00 00 00 00 00 00 00 00 
  VGA text screen:
                                                                                
                                                                                
  CD-ROM Device Driver for IDE (Four Channels Supported)                        
  (C)Copyright Oak Technology Inc. 1993-1996                                    
  Driver Version     : V340                                                     
  Device Name        : BANANA                                                   
  No drives found, aborting installation                                        
                                                                                
                                                                                
Device driver not found: 'BANANA'.                                              
No valid CDROM device drivers selected                                          
A:\>format c: /s                                                                
                                                                                
WARNING: ALL DATA ON NON-REMOVABLE DISK                                         
DRIVE C: WILL BE LOST!                                                          
Proceed with Format (Y/N)?y                                                     
                                                                                
                                                                                
Formatting 127.44M                                                              
Format complete.                                                                
System transferred                                                              
                                                                                
Volume label (11 characters, ENTER for none)?                                   
                                                                                
                                                                                
sail-x86-system: framebuffer 720x400x4 saved to build/os-boot/msdos-format-02.png
[286099005] CS:RIP=0019:0000963e mode=R
  RAX=000000000000001e RBX=0000000000001dd5 RCX=0000000000000200 RDX=00000000000001aa
  RSP=0000000000000910 RBP=00000000000013ac RSI=000000000000fe5d RDI=0000000000000000
  R8 =0000000000000000 R9 =0000000000000000 R10=0000000000000000 R11=0000000000000000
  R12=0000000000000000 R13=0000000000000000 R14=0000000000000000 R15=0000000000000000
  K0 =0000000000000000 K1 =0000000000000000 K2 =0000000000000000 K3 =0000000000000000
  K4 =0000000000000000 K5 =0000000000000000 K6 =0000000000000000 K7 =0000000000000000
  YMM16=0000000000000000000000000000000000000000000000000000000000000000
  CS=0019 DS=0116 ES=0116 SS=0116 FS=0000 GS=0000
  FLAGS CF=0 PF=1 AF=0 ZF=0 SF=0 OF=0 DF=0 IF=0
  CR0=0000000000000030 CR2=0000000000000000 CR3=0000000000000000 CR4=0000000000000000 EFER=0000000000000000
  CPL=0 GDTR=000000000008f466:002f IDTR=0000000000000000:03ff LDTR=0000
  SEG[0] base=0000000000001160 limit=0000ffff D/B=0 DPL=0 type=3
  SEG[1] base=0000000000000190 limit=0000ffff D/B=0 DPL=0 type=b
  SEG[2] base=0000000000001160 limit=0000ffff D/B=0 DPL=0 type=3
  SEG[3] base=0000000000001160 limit=0000ffff D/B=0 DPL=0 type=3
  SEG[4] base=0000000000000000 limit=0000ffff D/B=0 DPL=0 type=3
  SEG[5] base=0000000000000000 limit=0000ffff D/B=0 DPL=0 type=3
  APIC SVR=000001ff TPR=00 PPR=00 TIMER=00010000 COUNT=0 pending=-1
    initial=0 divide=0 LINT0=00008700 LINT1=00008400 clock=71524751250 ns
    vectors   0- 31 IRR=00000000 ISR=00000000 TMR=00000000
    vectors  32- 63 IRR=00000000 ISR=00000000 TMR=00000000
    vectors  64- 95 IRR=00000000 ISR=00000000 TMR=00000000
    vectors  96-127 IRR=00000000 ISR=00000000 TMR=00000000
    vectors 128-159 IRR=00000000 ISR=00000000 TMR=00000000
    vectors 160-191 IRR=00000000 ISR=00000000 TMR=00000000
    vectors 192-223 IRR=00000000 ISR=00000000 TMR=00000000
    vectors 224-255 IRR=00000000 ISR=00000000 TMR=00000000
  PIC master IRR=11 IMR=b8 ISR=00  slave IRR=00 IMR=8e ISR=00  running
  IOAPIC id=0 select=00
    pin=0 redir=0000000000010000 asserted=0
    pin=1 redir=0000000000010000 asserted=0
    pin=2 redir=0000000000010000 asserted=0
    pin=3 redir=0000000000010000 asserted=0
    pin=4 redir=0000000000010000 asserted=0
    pin=5 redir=0000000000010000 asserted=0
    pin=6 redir=0000000000010000 asserted=0
    pin=7 redir=0000000000010000 asserted=0
    pin=8 redir=0000000000010000 asserted=0
    pin=9 redir=0000000000010000 asserted=0
    pin=10 redir=0000000000010000 asserted=0
    pin=11 redir=0000000000010000 asserted=0
    pin=12 redir=0000000000010000 asserted=0
    pin=13 redir=0000000000010000 asserted=0
    pin=14 redir=0000000000010000 asserted=0
    pin=15 redir=0000000000010000 asserted=0
    pin=16 redir=0000000000010000 asserted=0
    pin=17 redir=0000000000010000 asserted=0
    pin=18 redir=0000000000010000 asserted=0
    pin=19 redir=0000000000010000 asserted=0
    pin=20 redir=0000000000010000 asserted=0
    pin=21 redir=0000000000010000 asserted=0
    pin=22 redir=0000000000010000 asserted=0
    pin=23 redir=0000000000010000 asserted=0
  PIT0 mode=2 count=1012 reload=0 gate=1 output=0
  PIT1 mode=0 count=0 reload=0 gate=1 output=0
  PIT2 mode=0 count=0 reload=0 gate=0 output=0
  RTC index=07 A=26 B=02 C=50 D=80 time=12:01:11 ticks=2337851 second=71
  IDE channel 1f0 selected=0 IRQ=0 pending=0
  IDE 1f0.0 kind=1 cmd=20 at=71519744750 ns status=40 error=00 features=00 count=01 lba=00005d dh=e0 nIEN=0 IRQ=0 pending=0
    phase=idle buffer=512/512 block_end=512 limit=512 write_lba=64 packet=0 cdb_pos=0 CDB=00 00 00 00 00 00 00 00 00 00 00 00 
  IDE 1f0.1 kind=0 cmd=00 at=0 ns status=00 error=01 features=00 count=01 lba=00005d dh=e0 nIEN=0 IRQ=0 pending=0
    phase=idle buffer=0/0 block_end=0 limit=512 write_lba=0 packet=0 cdb_pos=0 CDB=00 00 00 00 00 00 00 00 00 00 00 00 
  IDE channel 170 selected=0 IRQ=0 pending=0
  IDE 170.0 kind=2 cmd=a0 at=21167098750 ns status=40 error=00 features=00 count=03 lba=080000 dh=a0 nIEN=0 IRQ=0 pending=0
    phase=idle buffer=2048/2048 block_end=2048 limit=2048 write_lba=0 packet=1 cdb_pos=12 CDB=28 00 00 00 02 d0 00 00 01 00 00 00 
  IDE 170.1 kind=0 cmd=00 at=0 ns status=00 error=01 features=00 count=00 lba=080000 dh=a0 nIEN=0 IRQ=0 pending=0
    phase=idle buffer=0/0 block_end=0 limit=512 write_lba=0 packet=0 cdb_pos=0 CDB=00 00 00 00 00 00 00 00 00 00 00 00 
  VGA text screen:
                                                                                
                                                                                
  CD-ROM Device Driver for IDE (Four Channels Supported)                        
  (C)Copyright Oak Technology Inc. 1993-1996                                    
  Driver Version     : V340                                                     
  Device Name        : BANANA                                                   
  No drives found, aborting installation                                        
                                                                                
                                                                                
Device driver not found: 'BANANA'.                                              
No valid CDROM device drivers selected                                          
A:\>format c: /s                                                                
                                                                                
WARNING: ALL DATA ON NON-REMOVABLE DISK                                         
DRIVE C: WILL BE LOST!                                                          
Proceed with Format (Y/N)?y                                                     
                                                                                
                                                                                
Formatting 127.44M                                                              
Format complete.                                                                
System transferred                                                              
                                                                                
Volume label (11 characters, ENTER for none)? MSDOS622                          
                                                                                
                                                                                
sail-x86-system: framebuffer 720x400x4 saved to build/os-boot/msdos-format-02.png
[312765356] CS:RIP=0019:00008657 mode=R
  RAX=0000000000000700 RBX=0000000000000392 RCX=00000000000000f9 RDX=000000000000007f
  RSP=0000000000000a86 RBP=0000000000000000 RSI=0000000000000023 RDI=00000000000001fb
  R8 =0000000000000000 R9 =0000000000000000 R10=0000000000000000 R11=0000000000000000
  R12=0000000000000000 R13=0000000000000000 R14=0000000000000000 R15=0000000000000000
  K0 =0000000000000000 K1 =0000000000000000 K2 =0000000000000000 K3 =0000000000000000
  K4 =0000000000000000 K5 =0000000000000000 K6 =0000000000000000 K7 =0000000000000000
  YMM16=0000000000000000000000000000000000000000000000000000000000000000
  CS=0019 DS=0070 ES=0116 SS=0116 FS=0000 GS=0000
  FLAGS CF=0 PF=0 AF=0 ZF=0 SF=1 OF=0 DF=0 IF=1
  CR0=0000000000000030 CR2=0000000000000000 CR3=0000000000000000 CR4=0000000000000000 EFER=0000000000000000
  CPL=0 GDTR=000000000008f466:002f IDTR=0000000000000000:03ff LDTR=0000
  SEG[0] base=0000000000001160 limit=0000ffff D/B=0 DPL=0 type=3
  SEG[1] base=0000000000000190 limit=0000ffff D/B=0 DPL=0 type=b
  SEG[2] base=0000000000001160 limit=0000ffff D/B=0 DPL=0 type=3
  SEG[3] base=0000000000000700 limit=0000ffff D/B=0 DPL=0 type=3
  SEG[4] base=0000000000000000 limit=0000ffff D/B=0 DPL=0 type=3
  SEG[5] base=0000000000000000 limit=0000ffff D/B=0 DPL=0 type=3
  APIC SVR=000001ff TPR=00 PPR=00 TIMER=00010000 COUNT=0 pending=-1
    initial=0 divide=0 LINT0=00008700 LINT1=00008400 clock=78191339000 ns
    vectors   0- 31 IRR=00000000 ISR=00000000 TMR=00000000
    vectors  32- 63 IRR=00000000 ISR=00000000 TMR=00000000
    vectors  64- 95 IRR=00000000 ISR=00000000 TMR=00000000
    vectors  96-127 IRR=00000000 ISR=00000000 TMR=00000000
    vectors 128-159 IRR=00000000 ISR=00000000 TMR=00000000
    vectors 160-191 IRR=00000000 ISR=00000000 TMR=00000000
    vectors 192-223 IRR=00000000 ISR=00000000 TMR=00000000
    vectors 224-255 IRR=00000000 ISR=00000000 TMR=00000000
  PIC master IRR=10 IMR=b8 ISR=00  slave IRR=00 IMR=8e ISR=00  running
  IOAPIC id=0 select=00
    pin=0 redir=0000000000010000 asserted=0
    pin=1 redir=0000000000010000 asserted=0
    pin=2 redir=0000000000010000 asserted=0
    pin=3 redir=0000000000010000 asserted=0
    pin=4 redir=0000000000010000 asserted=0
    pin=5 redir=0000000000010000 asserted=0
    pin=6 redir=0000000000010000 asserted=0
    pin=7 redir=0000000000010000 asserted=0
    pin=8 redir=0000000000010000 asserted=0
    pin=9 redir=0000000000010000 asserted=0
    pin=10 redir=0000000000010000 asserted=0
    pin=11 redir=0000000000010000 asserted=0
    pin=12 redir=0000000000010000 asserted=0
    pin=13 redir=0000000000010000 asserted=0
    pin=14 redir=0000000000010000 asserted=0
    pin=15 redir=0000000000010000 asserted=0
    pin=16 redir=0000000000010000 asserted=0
    pin=17 redir=0000000000010000 asserted=0
    pin=18 redir=0000000000010000 asserted=0
    pin=19 redir=0000000000010000 asserted=0
    pin=20 redir=0000000000010000 asserted=0
    pin=21 redir=0000000000010000 asserted=0
    pin=22 redir=0000000000010000 asserted=0
    pin=23 redir=0000000000010000 asserted=0
  PIT0 mode=2 count=42673 reload=0 gate=1 output=0
  PIT1 mode=0 count=0 reload=0 gate=1 output=0
  PIT2 mode=0 count=0 reload=0 gate=0 output=0
  RTC index=07 A=26 B=02 C=50 D=80 time=12:01:18 ticks=2562173 second=78
  IDE channel 1f0 selected=0 IRQ=0 pending=0
  IDE 1f0.0 kind=1 cmd=30 at=76862393000 ns status=40 error=00 features=00 count=01 lba=0003ec dh=e0 nIEN=0 IRQ=0 pending=0
    phase=idle buffer=512/512 block_end=512 limit=512 write_lba=1005 packet=0 cdb_pos=0 CDB=00 00 00 00 00 00 00 00 00 00 00 00 
  IDE 1f0.1 kind=0 cmd=00 at=0 ns status=00 error=01 features=00 count=01 lba=0003ec dh=e0 nIEN=0 IRQ=0 pending=0
    phase=idle buffer=0/0 block_end=0 limit=512 write_lba=0 packet=0 cdb_pos=0 CDB=00 00 00 00 00 00 00 00 00 00 00 00 
  IDE channel 170 selected=0 IRQ=0 pending=0
  IDE 170.0 kind=2 cmd=a0 at=76852234000 ns status=40 error=00 features=00 count=03 lba=080000 dh=a0 nIEN=0 IRQ=0 pending=0
    phase=idle buffer=2048/2048 block_end=2048 limit=2048 write_lba=0 packet=1 cdb_pos=12 CDB=28 00 00 00 02 b0 00 00 01 00 00 00 
  IDE 170.1 kind=0 cmd=00 at=0 ns status=00 error=01 features=00 count=00 lba=080000 dh=a0 nIEN=0 IRQ=0 pending=0
    phase=idle buffer=0/0 block_end=0 limit=512 write_lba=0 packet=0 cdb_pos=0 CDB=00 00 00 00 00 00 00 00 00 00 00 00 
  VGA text screen:
A:AUTOEXEC.BAT                                                                  
A:MOUSE.@@@                                                                     
A:CD3.SYS                                                                       
A:EDIT.EXE                                                                      
A:EDIT.INI                                                                      
A:DOSKEY.COM                                                                    
A:UNFORMAT.COM                                                                  
A:TREE.COM                                                                      
A:FIND.EXE                                                                      
A:RESTORE.EXE                                                                   
A:SETVER.EXE                                                                    
A:SCANDISK.EXE                                                                  
A:SHARE.EXE                                                                     
A:XCOPY.EXE                                                                     
A:QBASIC.HLP                                                                    
A:MOUSE.INI                                                                     
A:SCANDISK.INI                                                                  
A:MOUSE.SYS                                                                     
A:CD4.SYS                                                                       
A:CD1.SYS                                                                       
A:FORMAT.COM                                                                    
A:MOUSE.COM                                                                     
       40 file(s) copied                                                        
                                                                                
A:\>                                                                            
sail-x86-system: framebuffer 720x400x4 saved to build/os-boot/msdos-format-02.png
[465654271] CS:RIP=f000:0000d9d3 mode=R
  RAX=000000000000ffa8 RBX=000000000000037c RCX=0000000000000001 RDX=000000000000d90c
  RSP=0000000000000a5c RBP=0000000000000a68 RSI=00000000000000ee RDI=00000000000003bc
  R8 =0000000000000000 R9 =0000000000000000 R10=0000000000000000 R11=0000000000000000
  R12=0000000000000000 R13=0000000000000000 R14=0000000000000000 R15=0000000000000000
  K0 =0000000000000000 K1 =0000000000000000 K2 =0000000000000000 K3 =0000000000000000
  K4 =0000000000000000 K5 =0000000000000000 K6 =0000000000000000 K7 =0000000000000000
  YMM16=0000000000000000000000000000000000000000000000000000000000000000
  CS=f000 DS=0070 ES=0116 SS=0116 FS=0000 GS=0000
  FLAGS CF=0 PF=0 AF=0 ZF=0 SF=0 OF=0 DF=0 IF=0
  CR0=0000000000000030 CR2=0000000000000000 CR3=0000000000000000 CR4=0000000000000000 EFER=0000000000000000
  CPL=0 GDTR=000000000008f466:002f IDTR=0000000000000000:03ff LDTR=0000
  SEG[0] base=0000000000001160 limit=0000ffff D/B=0 DPL=0 type=3
  SEG[1] base=00000000000f0000 limit=0000ffff D/B=0 DPL=0 type=b
  SEG[2] base=0000000000001160 limit=0000ffff D/B=0 DPL=0 type=3
  SEG[3] base=0000000000000700 limit=0000ffff D/B=0 DPL=0 type=3
  SEG[4] base=0000000000000000 limit=0000ffff D/B=0 DPL=0 type=3
  SEG[5] base=0000000000000000 limit=0000ffff D/B=0 DPL=0 type=3
  APIC SVR=000001ff TPR=00 PPR=00 TIMER=00010000 COUNT=0 pending=-1
    initial=0 divide=0 LINT0=00008700 LINT1=00008400 clock=116413567750 ns
    vectors   0- 31 IRR=00000000 ISR=00000000 TMR=00000000
    vectors  32- 63 IRR=00000000 ISR=00000000 TMR=00000000
    vectors  64- 95 IRR=00000000 ISR=00000000 TMR=00000000
    vectors  96-127 IRR=00000000 ISR=00000000 TMR=00000000
    vectors 128-159 IRR=00000000 ISR=00000000 TMR=00000000
    vectors 160-191 IRR=00000000 ISR=00000000 TMR=00000000
    vectors 192-223 IRR=00000000 ISR=00000000 TMR=00000000
    vectors 224-255 IRR=00000000 ISR=00000000 TMR=00000000
  PIC master IRR=10 IMR=b8 ISR=00  slave IRR=00 IMR=8e ISR=00  running
  IOAPIC id=0 select=00
    pin=0 redir=0000000000010000 asserted=0
    pin=1 redir=0000000000010000 asserted=0
    pin=2 redir=0000000000010000 asserted=0
    pin=3 redir=0000000000010000 asserted=0
    pin=4 redir=0000000000010000 asserted=0
    pin=5 redir=0000000000010000 asserted=0
    pin=6 redir=0000000000010000 asserted=0
    pin=7 redir=0000000000010000 asserted=0
    pin=8 redir=0000000000010000 asserted=0
    pin=9 redir=0000000000010000 asserted=0
    pin=10 redir=0000000000010000 asserted=0
    pin=11 redir=0000000000010000 asserted=0
    pin=12 redir=0000000000010000 asserted=0
    pin=13 redir=0000000000010000 asserted=0
    pin=14 redir=0000000000010000 asserted=0
    pin=15 redir=0000000000010000 asserted=0
    pin=16 redir=0000000000010000 asserted=0
    pin=17 redir=0000000000010000 asserted=0
    pin=18 redir=0000000000010000 asserted=0
    pin=19 redir=0000000000010000 asserted=0
    pin=20 redir=0000000000010000 asserted=0
    pin=21 redir=0000000000010000 asserted=0
    pin=22 redir=0000000000010000 asserted=0
    pin=23 redir=0000000000010000 asserted=0
  PIT0 mode=2 count=56883 reload=0 gate=1 output=0
  PIT1 mode=0 count=0 reload=0 gate=1 output=0
  PIT2 mode=0 count=0 reload=0 gate=0 output=0
  RTC index=07 A=26 B=02 C=50 D=80 time=12:01:56 ticks=3814639 second=116
  IDE channel 1f0 selected=0 IRQ=0 pending=0
  IDE 1f0.0 kind=1 cmd=30 at=115084912500 ns status=40 error=00 features=00 count=01 lba=00023e dh=e0 nIEN=0 IRQ=0 pending=0
    phase=idle buffer=512/512 block_end=512 limit=512 write_lba=575 packet=0 cdb_pos=0 CDB=00 00 00 00 00 00 00 00 00 00 00 00 
  IDE 1f0.1 kind=0 cmd=00 at=0 ns status=00 error=01 features=00 count=01 lba=00023e dh=e0 nIEN=0 IRQ=0 pending=0
    phase=idle buffer=0/0 block_end=0 limit=512 write_lba=0 packet=0 cdb_pos=0 CDB=00 00 00 00 00 00 00 00 00 00 00 00 
  IDE channel 170 selected=0 IRQ=0 pending=0
  IDE 170.0 kind=2 cmd=a0 at=115087993750 ns status=40 error=00 features=00 count=03 lba=080000 dh=a0 nIEN=0 IRQ=0 pending=0
    phase=idle buffer=2048/2048 block_end=2048 limit=2048 write_lba=0 packet=1 cdb_pos=12 CDB=28 00 00 00 00 1a 00 00 01 00 00 00 
  IDE 170.1 kind=0 cmd=00 at=0 ns status=00 error=01 features=00 count=00 lba=080000 dh=a0 nIEN=0 IRQ=0 pending=0
    phase=idle buffer=0/0 block_end=0 limit=512 write_lba=0 packet=0 cdb_pos=0 CDB=00 00 00 00 00 00 00 00 00 00 00 00 
  VGA text screen:
A:SHARE.EXE                                                                     
A:XCOPY.EXE                                                                     
A:QBASIC.HLP                                                                    
A:MOUSE.INI                                                                     
A:SCANDISK.INI                                                                  
A:MOUSE.SYS                                                                     
A:CD4.SYS                                                                       
A:CD1.SYS                                                                       
A:FORMAT.COM                                                                    
A:MOUSE.COM                                                                     
       40 file(s) copied                                                        
                                                                                
A:\>echo device=c:\dos\himem.sys > c:\config.sys                                
                                                                                
A:\>echo dos=high >> c:\config.sys                                              
                                                                                
A:\>echo files=30 >> c:\config.sys                                              
                                                                                
A:\>echo buffers=20 >> c:\config.sys                                            
                                                                                
A:\>echo @echo off > c:\autoexec.bat                                            
                                                                                
A:\>echo prompt $p$g >> c:\autoexec.bat                                         
                                                                                
A:\>echo path                                                                   
sail-x86-system: framebuffer 720x400x4 saved to build/os-boot/msdos-format-02.png
[512997965] CS:RIP=0250:0000007a mode=R
  RAX=0000000000000002 RBX=000000000000037c RCX=0000000000000001 RDX=000000000000d90c
  RSP=0000000000000a68 RBP=0000000000000a68 RSI=00000000000000e4 RDI=00000000000001fb
  R8 =0000000000000000 R9 =0000000000000000 R10=0000000000000000 R11=0000000000000000
  R12=0000000000000000 R13=0000000000000000 R14=0000000000000000 R15=0000000000000000
  K0 =0000000000000000 K1 =0000000000000000 K2 =0000000000000000 K3 =0000000000000000
  K4 =0000000000000000 K5 =0000000000000000 K6 =0000000000000000 K7 =0000000000000000
  YMM16=0000000000000000000000000000000000000000000000000000000000000000
  CS=0250 DS=0070 ES=0116 SS=0116 FS=0000 GS=0000
  FLAGS CF=1 PF=1 AF=0 ZF=0 SF=1 OF=0 DF=0 IF=1
  CR0=0000000000000030 CR2=0000000000000000 CR3=0000000000000000 CR4=0000000000000000 EFER=0000000000000000
  CPL=0 GDTR=000000000008f466:002f IDTR=0000000000000000:03ff LDTR=0000
  SEG[0] base=0000000000001160 limit=0000ffff D/B=0 DPL=0 type=3
  SEG[1] base=0000000000002500 limit=0000ffff D/B=0 DPL=0 type=b
  SEG[2] base=0000000000001160 limit=0000ffff D/B=0 DPL=0 type=3
  SEG[3] base=0000000000000700 limit=0000ffff D/B=0 DPL=0 type=3
  SEG[4] base=0000000000000000 limit=0000ffff D/B=0 DPL=0 type=3
  SEG[5] base=0000000000000000 limit=0000ffff D/B=0 DPL=0 type=3
  APIC SVR=000001ff TPR=00 PPR=00 TIMER=00010000 COUNT=0 pending=-1
    initial=0 divide=0 LINT0=00008700 LINT1=00008400 clock=128249491250 ns
    vectors   0- 31 IRR=00000000 ISR=00000000 TMR=00000000
    vectors  32- 63 IRR=00000000 ISR=00000000 TMR=00000000
    vectors  64- 95 IRR=00000000 ISR=00000000 TMR=00000000
    vectors  96-127 IRR=00000000 ISR=00000000 TMR=00000000
    vectors 128-159 IRR=00000000 ISR=00000000 TMR=00000000
    vectors 160-191 IRR=00000000 ISR=00000000 TMR=00000000
    vectors 192-223 IRR=00000000 ISR=00000000 TMR=00000000
    vectors 224-255 IRR=00000000 ISR=00000000 TMR=00000000
  PIC master IRR=10 IMR=b8 ISR=00  slave IRR=00 IMR=8e ISR=00  running
  IOAPIC id=0 select=00
    pin=0 redir=0000000000010000 asserted=0
    pin=1 redir=0000000000010000 asserted=0
    pin=2 redir=0000000000010000 asserted=0
    pin=3 redir=0000000000010000 asserted=0
    pin=4 redir=0000000000010000 asserted=0
    pin=5 redir=0000000000010000 asserted=0
    pin=6 redir=0000000000010000 asserted=0
    pin=7 redir=0000000000010000 asserted=0
    pin=8 redir=0000000000010000 asserted=0
    pin=9 redir=0000000000010000 asserted=0
    pin=10 redir=0000000000010000 asserted=0
    pin=11 redir=0000000000010000 asserted=0
    pin=12 redir=0000000000010000 asserted=0
    pin=13 redir=0000000000010000 asserted=0
    pin=14 redir=0000000000010000 asserted=0
    pin=15 redir=0000000000010000 asserted=0
    pin=16 redir=0000000000010000 asserted=0
    pin=17 redir=0000000000010000 asserted=0
    pin=18 redir=0000000000010000 asserted=0
    pin=19 redir=0000000000010000 asserted=0
    pin=20 redir=0000000000010000 asserted=0
    pin=21 redir=0000000000010000 asserted=0
    pin=22 redir=0000000000010000 asserted=0
    pin=23 redir=0000000000010000 asserted=0
  PIT0 mode=2 count=26775 reload=0 gate=1 output=0
  PIT1 mode=0 count=0 reload=0 gate=1 output=0
  PIT2 mode=0 count=0 reload=0 gate=0 output=0
  RTC index=07 A=26 B=02 C=50 D=80 time=12:02:08 ticks=4202479 second=128
  IDE channel 1f0 selected=0 IRQ=0 pending=0
  IDE 1f0.0 kind=1 cmd=30 at=119442515500 ns status=40 error=00 features=00 count=01 lba=00023e dh=e0 nIEN=0 IRQ=0 pending=0
    phase=idle buffer=512/512 block_end=512 limit=512 write_lba=575 packet=0 cdb_pos=0 CDB=00 00 00 00 00 00 00 00 00 00 00 00 
  IDE 1f0.1 kind=0 cmd=00 at=0 ns status=00 error=01 features=00 count=01 lba=00023e dh=e0 nIEN=0 IRQ=0 pending=0
    phase=idle buffer=0/0 block_end=0 limit=512 write_lba=0 packet=0 cdb_pos=0 CDB=00 00 00 00 00 00 00 00 00 00 00 00 
  IDE channel 170 selected=0 IRQ=0 pending=0
  IDE 170.0 kind=2 cmd=a0 at=119445428750 ns status=40 error=00 features=00 count=03 lba=080000 dh=a0 nIEN=0 IRQ=0 pending=0
    phase=idle buffer=2048/2048 block_end=2048 limit=2048 write_lba=0 packet=1 cdb_pos=12 CDB=28 00 00 00 00 1a 00 00 01 00 00 00 
  IDE 170.1 kind=0 cmd=00 at=0 ns status=00 error=01 features=00 count=00 lba=080000 dh=a0 nIEN=0 IRQ=0 pending=0
    phase=idle buffer=0/0 block_end=0 limit=512 write_lba=0 packet=0 cdb_pos=0 CDB=00 00 00 00 00 00 00 00 00 00 00 00 
  VGA text screen:
A:QBASIC.HLP                                                                    
A:MOUSE.INI                                                                     
A:SCANDISK.INI                                                                  
A:MOUSE.SYS                                                                     
A:CD4.SYS                                                                       
A:CD1.SYS                                                                       
A:FORMAT.COM                                                                    
A:MOUSE.COM                                                                     
       40 file(s) copied                                                        
                                                                                
A:\>echo device=c:\dos\himem.sys > c:\config.sys                                
                                                                                
A:\>echo dos=high >> c:\config.sys                                              
                                                                                
A:\>echo files=30 >> c:\config.sys                                              
                                                                                
A:\>echo buffers=20 >> c:\config.sys                                            
                                                                                
A:\>echo @echo off > c:\autoexec.bat                                            
                                                                                
A:\>echo prompt $p$g >> c:\autoexec.bat                                         
                                                                                
A:\>echo path c:\dos >> c:\autoexec.bat                                         
                                                                                
A:\>                                                                            
sail-x86-system: exited after 515358640 instructions
