sail-x86-system: VGA BIOS loaded (39424 bytes, checksum OK)
sail-x86-system: BIOS=build/bios.bin (131072 bytes), RAM=16MB
sail-x86-system: reset vector CS:IP=f000:fff0 (linear 0xfffffff0)
sail-x86-system: HDA=build/os-boot/msdos622.img
sail-x86-system: CDROM=build/os-boot/msdos622.iso
SeaBIOS (version 1.16.3-20260925_004624-odyssey)
BUILD: gcc: (Ubuntu 13.3.0-6ubuntu2~24.04.1) 13.3.0 binutils: (GNU Binutils for Ubuntu) 2.42
Found QEMU fw_cfg
qemu/e820: fw_cfg file etc/e820 not found
RamSize: 0x01000000 [cmos]
Relocating init from 0x000e8fa0 to 0x00fb6320 (size 40000)
RamSizeOver4G: 0x0000000000000000 [cmos]
=== PCI bus & bridge init ===
PCI: pci_bios_init_bus_rec bus = 0x0
=== PCI device probing ===
Found 5 PCI devices (max PCI bus is 00)
=== PCI new allocation pass #1 ===
PCI: check devices
=== PCI new allocation pass #2 ===
PCI: IO: c000 - c00f
PCI: 32: 0000000080000000 - 00000000fec00000
PCI: map device bdf=00:01.1  bar 4, addr 0000c000, size 00000010 [io]
PCI: map device bdf=00:02.0  bar 6, addr febf0000, size 00010000 [mem]
PCI: map device bdf=00:02.0  bar 0, addr fd000000, size 01000000 [prefmem]
PCI: init bdf=00:00.0 id=8086:1237
PCI: init bdf=00:01.0 id=8086:7000
PIIX3/PIIX4 init: elcr=00 0c
PCI: init bdf=00:01.1 id=8086:7010
PCI: init bdf=00:01.3 id=8086:7113
Using pmtimer, ioport 0xb008
PCI: init bdf=00:02.0 id=1234:1111
PCI: Using 00:02.0 for primary VGA
Found 1 cpu(s) max supported 1 cpu(s)
Copying MPTABLE from 0x00006e20/fadc20 to 0x000f2b10
ACPI DSDT=0x00ffe4f0
Copying ACPI RSDP from 0x00006dfc to 0x000f2af0
Scan for VGA option rom
Running option rom at c000:0003
Start SeaVGABIOS (version 1.16.3-20260925_004617-odyssey)
VGABUILD: gcc: (Ubuntu 13.3.0-6ubuntu2~24.04.1) 13.3.0 binutils: (GNU Binutils for Ubuntu) 2.42
enter vga_post:
   a=00000010  b=0000ffff  c=00000000  d=0000ffff ds=0000 es=f000 ss=0000
  si=00000000 di=00008d21 bp=00000000 sp=00006da2 cs=f000 ip=d692  f=0000
VBE DISPI: bdf 00:02.0, bar 0
VBE DISPI: lfb_addr=fd000000, size 16 MB
Removing mode 199
Removing mode 19a
Removing mode 19b
Removing mode 19c
Removing mode 19d
Removing mode 19e
Attempting to allocate 512 bytes lowmem via pmm call to f000:d734
pmm call arg1=0
VGA stack allocated at ef580
Turning on vga text mode console
set VGA mode 3
SeaBIOS (version 1.16.3-20260925_004624-odyssey)
PS2 keyboard initialized
ATA controller 1 at 1f0/3f4/0 (irq 14 dev 9)
ata0-0: Sail-x86 Virtual Disk ATA-6 Hard-Disk (128 MiBytes)
Searching bootorder for: /pci@i0cf8/*@1,1/drive@0/disk@0
Searching bios-geometry for: /pci@i0cf8/*@1,1/drive@0/disk@0
ATA controller 2 at 170/374/0 (irq 15 dev 9)
DVD/CD [ata1-0: Sail-x86 CD-ROM ATAPI-6 DVD/CD]
Searching bootorder for: /pci@i0cf8/*@1,1/drive@1/disk@0
Searching bios-geometry for: /pci@i0cf8/*@1,1/drive@1/disk@0
Searching bootorder for: HALT
Found 1 serial ports
Scan for option roms
Searching bootorder for: HALT
drive 0x000f2a90: PCHS=260/16/63 translation=none LCHS=260/16/63 s=262144
Space available for UMB: ca000-ee800, f0000-f2a00
Returned 253952 bytes of ZoneHigh
e820 map has 6 items:
  0: 0000000000000000 - 000000000009fc00 = 1 RAM
  1: 000000000009fc00 - 00000000000a0000 = 2 RESERVED
  2: 00000000000f0000 - 0000000000100000 = 2 RESERVED
  3: 0000000000100000 - 0000000000ffe000 = 1 RAM
  4: 0000000000ffe000 - 0000000001000000 = 2 RESERVED
  5: 00000000fffc0000 - 0000000100000000 = 2 RESERVED
enter handle_19:
  NULL
Booting from DVD/CD...
Booting from 0000:7c00
sail-x86-system: framebuffer 720x400x4 saved to build/os-boot/msdos-cd-01.png
[69320961] CS:RIP=f000:0000e817 mode=R
  RAX=000000000000001e RBX=000000000000037c RCX=000000000000a76f RDX=000000000000001e
  RSP=000000000000ffa0 RBP=0000000000000040 RSI=00000000000000ee RDI=00000000000003bc
  R8 =0000000000000000 R9 =0000000000000000 R10=0000000000000000 R11=0000000000000000
  R12=0000000000000000 R13=0000000000000000 R14=0000000000000000 R15=0000000000000000
  K0 =0000000000000000 K1 =0000000000000000 K2 =0000000000000000 K3 =0000000000000000
  K4 =0000000000000000 K5 =0000000000000000 K6 =0000000000000000 K7 =0000000000000000
  YMM16=0000000000000000000000000000000000000000000000000000000000000000
  CS=f000 DS=e000 ES=0040 SS=e000 FS=0000 GS=0000
  FLAGS CF=0 PF=0 AF=0 ZF=0 SF=0 OF=0 DF=0 IF=0
  CR0=0000000000000030 CR2=0000000000000000 CR3=0000000000000000 CR4=0000000000000000 EFER=0000000000000000
  CPL=0 GDTR=000000000008f466:002f IDTR=0000000000000000:03ff LDTR=0000
  SEG[0] base=0000000000000400 limit=0000ffff D/B=0 DPL=0 type=3
  SEG[1] base=00000000000f0000 limit=0000ffff D/B=0 DPL=0 type=b
  SEG[2] base=00000000000e0000 limit=0000ffff D/B=0 DPL=0 type=3
  SEG[3] base=00000000000e0000 limit=0000ffff D/B=0 DPL=0 type=3
  SEG[4] base=0000000000000000 limit=0000ffff D/B=0 DPL=0 type=3
  SEG[5] base=0000000000000000 limit=0000ffff D/B=0 DPL=0 type=3
  APIC SVR=000001ff TPR=00 PPR=00 TIMER=00010000 COUNT=0 pending=-1
    initial=0 divide=0 LINT0=00008700 LINT1=00008400 clock=17330240250 ns
    vectors   0- 31 IRR=00000000 ISR=00000000 TMR=00000000
    vectors  32- 63 IRR=00000000 ISR=00000000 TMR=00000000
    vectors  64- 95 IRR=00000000 ISR=00000000 TMR=00000000
    vectors  96-127 IRR=00000000 ISR=00000000 TMR=00000000
    vectors 128-159 IRR=00000000 ISR=00000000 TMR=00000000
    vectors 160-191 IRR=00000000 ISR=00000000 TMR=00000000
    vectors 192-223 IRR=00000000 ISR=00000000 TMR=00000000
    vectors 224-255 IRR=00000000 ISR=00000000 TMR=00000000
  PIC master IRR=10 IMR=b8 ISR=00  slave IRR=00 IMR=8e ISR=00  running
  IOAPIC id=0 select=00
    pin=0 redir=0000000000010000 asserted=0
    pin=1 redir=0000000000010000 asserted=0
    pin=2 redir=0000000000010000 asserted=0
    pin=3 redir=0000000000010000 asserted=0
    pin=4 redir=0000000000010000 asserted=0
    pin=5 redir=0000000000010000 asserted=0
    pin=6 redir=0000000000010000 asserted=0
    pin=7 redir=0000000000010000 asserted=0
    pin=8 redir=0000000000010000 asserted=0
    pin=9 redir=0000000000010000 asserted=0
    pin=10 redir=0000000000010000 asserted=0
    pin=11 redir=0000000000010000 asserted=0
    pin=12 redir=0000000000010000 asserted=0
    pin=13 redir=0000000000010000 asserted=0
    pin=14 redir=0000000000010000 asserted=0
    pin=15 redir=0000000000010000 asserted=0
    pin=16 redir=0000000000010000 asserted=0
    pin=17 redir=0000000000010000 asserted=0
    pin=18 redir=0000000000010000 asserted=0
    pin=19 redir=0000000000010000 asserted=0
    pin=20 redir=0000000000010000 asserted=0
    pin=21 redir=0000000000010000 asserted=0
    pin=22 redir=0000000000010000 asserted=0
    pin=23 redir=0000000000010000 asserted=0
  PIT0 mode=2 count=35958 reload=0 gate=1 output=0
  PIT1 mode=0 count=0 reload=0 gate=1 output=0
  PIT2 mode=0 count=0 reload=0 gate=0 output=0
  RTC index=07 A=26 B=02 C=50 D=80 time=12:00:17 ticks=567877 second=17
  IDE channel 1f0 selected=0 IRQ=0 pending=0
  IDE 1f0.0 kind=1 cmd=08 at=3584344750 ns status=41 error=04 features=00 count=00 lba=000000 dh=e0 nIEN=0 IRQ=0 pending=0
    phase=idle buffer=512/512 block_end=512 limit=512 write_lba=0 packet=0 cdb_pos=0 CDB=00 00 00 00 00 00 00 00 00 00 00 00 
  IDE 1f0.1 kind=0 cmd=00 at=0 ns status=00 error=01 features=00 count=00 lba=000000 dh=e0 nIEN=0 IRQ=0 pending=0
    phase=idle buffer=0/0 block_end=0 limit=512 write_lba=0 packet=0 cdb_pos=0 CDB=00 00 00 00 00 00 00 00 00 00 00 00 
  IDE channel 170 selected=0 IRQ=0 pending=0
  IDE 170.0 kind=2 cmd=a0 at=16120981500 ns status=40 error=00 features=00 count=03 lba=080000 dh=a0 nIEN=0 IRQ=0 pending=0
    phase=idle buffer=2048/2048 block_end=2048 limit=2048 write_lba=0 packet=1 cdb_pos=12 CDB=28 00 00 00 01 70 00 00 01 00 00 00 
  IDE 170.1 kind=0 cmd=00 at=0 ns status=00 error=01 features=00 count=00 lba=080000 dh=a0 nIEN=0 IRQ=0 pending=0
    phase=idle buffer=0/0 block_end=0 limit=512 write_lba=0 packet=0 cdb_pos=0 CDB=00 00 00 00 00 00 00 00 00 00 00 00 
  VGA text screen:
                                                                                
                                                                                
  CD-ROM Device Driver for IDE (Four Channels Supported)                        
  (C)Copyright Oak Technology Inc. 1993-1996                                    
  Driver Version     : V340                                                     
  Device Name        : BANANA                                                   
  No drives found, aborting installation                                        
                                                                                
                                                                                
Device driver not found: 'BANANA'.                                              
No valid CDROM device drivers selected                                          
A:\>                                                                            
                                                                                
                                                                                
                                                                                
                                                                                
                                                                                
                                                                                
                                                                                
                                                                                
                                                                                
                                                                                
                                                                                
                                                                                
                                                                                
sail-x86-system: framebuffer 720x400x4 saved to build/os-boot/msdos-cd-01.png
[174566482] CS:RIP=f000:000097cb mode=R
  RAX=000000000000ff8c RBX=000000000000ffa8 RCX=0000000000000001 RDX=0000000000000000
  RSP=000000000000ff8c RBP=0000000000000a6e RSI=0000000000000000 RDI=0000000000000001
  R8 =0000000000000000 R9 =0000000000000000 R10=0000000000000000 R11=0000000000000000
  R12=0000000000000000 R13=0000000000000000 R14=0000000000000000 R15=0000000000000000
  K0 =0000000000000000 K1 =0000000000000000 K2 =0000000000000000 K3 =0000000000000000
  K4 =0000000000000000 K5 =0000000000000000 K6 =0000000000000000 K7 =0000000000000000
  YMM16=0000000000000000000000000000000000000000000000000000000000000000
  CS=f000 DS=e000 ES=0040 SS=e000 FS=0000 GS=0000
  FLAGS CF=0 PF=1 AF=0 ZF=1 SF=0 OF=0 DF=0 IF=0
  CR0=0000000000000030 CR2=0000000000000000 CR3=0000000000000000 CR4=0000000000000000 EFER=0000000000000000
  CPL=0 GDTR=000000000008f466:002f IDTR=0000000000000000:03ff LDTR=0000
  SEG[0] base=0000000000000400 limit=0000ffff D/B=0 DPL=0 type=3
  SEG[1] base=00000000000f0000 limit=0000ffff D/B=0 DPL=0 type=b
  SEG[2] base=00000000000e0000 limit=0000ffff D/B=0 DPL=0 type=3
  SEG[3] base=00000000000e0000 limit=0000ffff D/B=0 DPL=0 type=3
  SEG[4] base=0000000000000000 limit=0000ffff D/B=0 DPL=0 type=3
  SEG[5] base=0000000000000000 limit=0000ffff D/B=0 DPL=0 type=3
  APIC SVR=000001ff TPR=00 PPR=00 TIMER=00010000 COUNT=0 pending=-1
    initial=0 divide=0 LINT0=00008700 LINT1=00008400 clock=43641620500 ns
    vectors   0- 31 IRR=00000000 ISR=00000000 TMR=00000000
    vectors  32- 63 IRR=00000000 ISR=00000000 TMR=00000000
    vectors  64- 95 IRR=00000000 ISR=00000000 TMR=00000000
    vectors  96-127 IRR=00000000 ISR=00000000 TMR=00000000
    vectors 128-159 IRR=00000000 ISR=00000000 TMR=00000000
    vectors 160-191 IRR=00000000 ISR=00000000 TMR=00000000
    vectors 192-223 IRR=00000000 ISR=00000000 TMR=00000000
    vectors 224-255 IRR=00000000 ISR=00000000 TMR=00000000
  PIC master IRR=10 IMR=b8 ISR=00  slave IRR=00 IMR=8e ISR=00  running
  IOAPIC id=0 select=00
    pin=0 redir=0000000000010000 asserted=0
    pin=1 redir=0000000000010000 asserted=0
    pin=2 redir=0000000000010000 asserted=0
    pin=3 redir=0000000000010000 asserted=0
    pin=4 redir=0000000000010000 asserted=0
    pin=5 redir=0000000000010000 asserted=0
    pin=6 redir=0000000000010000 asserted=0
    pin=7 redir=0000000000010000 asserted=0
    pin=8 redir=0000000000010000 asserted=0
    pin=9 redir=0000000000010000 asserted=0
    pin=10 redir=0000000000010000 asserted=0
    pin=11 redir=0000000000010000 asserted=0
    pin=12 redir=0000000000010000 asserted=0
    pin=13 redir=0000000000010000 asserted=0
    pin=14 redir=0000000000010000 asserted=0
    pin=15 redir=0000000000010000 asserted=0
    pin=16 redir=0000000000010000 asserted=0
    pin=17 redir=0000000000010000 asserted=0
    pin=18 redir=0000000000010000 asserted=0
    pin=19 redir=0000000000010000 asserted=0
    pin=20 redir=0000000000010000 asserted=0
    pin=21 redir=0000000000010000 asserted=0
    pin=22 redir=0000000000010000 asserted=0
    pin=23 redir=0000000000010000 asserted=0
  PIT0 mode=2 count=38679 reload=0 gate=1 output=0
  PIT1 mode=0 count=0 reload=0 gate=1 output=0
  PIT2 mode=0 count=0 reload=0 gate=0 output=0
  RTC index=07 A=26 B=02 C=50 D=80 time=12:00:43 ticks=1430047 second=43
  IDE channel 1f0 selected=0 IRQ=0 pending=0
  IDE 1f0.0 kind=1 cmd=08 at=3584344750 ns status=41 error=04 features=00 count=00 lba=000000 dh=e0 nIEN=0 IRQ=0 pending=0
    phase=idle buffer=512/512 block_end=512 limit=512 write_lba=0 packet=0 cdb_pos=0 CDB=00 00 00 00 00 00 00 00 00 00 00 00 
  IDE 1f0.1 kind=0 cmd=00 at=0 ns status=00 error=01 features=00 count=00 lba=000000 dh=e0 nIEN=0 IRQ=0 pending=0
    phase=idle buffer=0/0 block_end=0 limit=512 write_lba=0 packet=0 cdb_pos=0 CDB=00 00 00 00 00 00 00 00 00 00 00 00 
  IDE channel 170 selected=0 IRQ=0 pending=0
  IDE 170.0 kind=2 cmd=a0 at=16120981500 ns status=40 error=00 features=00 count=03 lba=080000 dh=a0 nIEN=0 IRQ=0 pending=0
    phase=idle buffer=2048/2048 block_end=2048 limit=2048 write_lba=0 packet=1 cdb_pos=12 CDB=28 00 00 00 01 70 00 00 01 00 00 00 
  IDE 170.1 kind=0 cmd=00 at=0 ns status=00 error=01 features=00 count=00 lba=080000 dh=a0 nIEN=0 IRQ=0 pending=0
    phase=idle buffer=0/0 block_end=0 limit=512 write_lba=0 packet=0 cdb_pos=0 CDB=00 00 00 00 00 00 00 00 00 00 00 00 
  VGA text screen:
                                                                                
                                                                                
  CD-ROM Device Driver for IDE (Four Channels Supported)                        
  (C)Copyright Oak Technology Inc. 1993-1996                                    
  Driver Version     : V340                                                     
  Device Name        : BANANA                                                   
  No drives found, aborting installation                                        
                                                                                
                                                                                
Device driver not found: 'BANANA'.                                              
No valid CDROM device drivers selected                                          
A:\>                                                                            
                                                                                
                                                                                
                                                                                
                                                                                
                                                                                
                                                                                
                                                                                
                                                                                
                                                                                
                                                                                
                                                                                
                                                                                
                                                                                
set VGA mode 3
Set active page 00 address 0000
sail-x86-system: framebuffer 720x400x4 saved to build/os-boot/msdos-cd-01.png
[200274728] CS:RIP=000f:0000848b mode=R
  RAX=000000000000010e RBX=000000000000037c RCX=0000000000000586 RDX=000000000000010e
  RSP=0000000000000a8a RBP=0000000000009722 RSI=0000000000000023 RDI=0000000000000300
  R8 =0000000000000000 R9 =0000000000000000 R10=0000000000000000 R11=0000000000000000
  R12=0000000000000000 R13=0000000000000000 R14=0000000000000000 R15=0000000000000000
  K0 =0000000000000000 K1 =0000000000000000 K2 =0000000000000000 K3 =0000000000000000
  K4 =0000000000000000 K5 =0000000000000000 K6 =0000000000000000 K7 =0000000000000000
  YMM16=0000000000000000000000000000000000000000000000000000000000000000
  CS=000f DS=010e ES=010e SS=010e FS=0000 GS=0000
  FLAGS CF=0 PF=1 AF=0 ZF=1 SF=0 OF=0 DF=0 IF=1
  CR0=0000000000000030 CR2=0000000000000000 CR3=0000000000000000 CR4=0000000000000000 EFER=0000000000000000
  CPL=0 GDTR=000000000008f466:002f IDTR=0000000000000000:03ff LDTR=0000
  SEG[0] base=00000000000010e0 limit=0000ffff D/B=0 DPL=0 type=3
  SEG[1] base=00000000000000f0 limit=0000ffff D/B=0 DPL=0 type=b
  SEG[2] base=00000000000010e0 limit=0000ffff D/B=0 DPL=0 type=3
  SEG[3] base=00000000000010e0 limit=0000ffff D/B=0 DPL=0 type=3
  SEG[4] base=0000000000000000 limit=0000ffff D/B=0 DPL=0 type=3
  SEG[5] base=0000000000000000 limit=0000ffff D/B=0 DPL=0 type=3
  APIC SVR=000001ff TPR=00 PPR=00 TIMER=00010000 COUNT=0 pending=-1
    initial=0 divide=0 LINT0=00008700 LINT1=00008400 clock=50068682000 ns
    vectors   0- 31 IRR=00000000 ISR=00000000 TMR=00000000
    vectors  32- 63 IRR=00000000 ISR=00000000 TMR=00000000
    vectors  64- 95 IRR=00000000 ISR=00000000 TMR=00000000
    vectors  96-127 IRR=00000000 ISR=00000000 TMR=00000000
    vectors 128-159 IRR=00000000 ISR=00000000 TMR=00000000
    vectors 160-191 IRR=00000000 ISR=00000000 TMR=00000000
    vectors 192-223 IRR=00000000 ISR=00000000 TMR=00000000
    vectors 224-255 IRR=00000000 ISR=00000000 TMR=00000000
  PIC master IRR=10 IMR=b8 ISR=00  slave IRR=00 IMR=8e ISR=00  running
  IOAPIC id=0 select=00
    pin=0 redir=0000000000010000 asserted=0
    pin=1 redir=0000000000010000 asserted=0
    pin=2 redir=0000000000010000 asserted=0
    pin=3 redir=0000000000010000 asserted=0
    pin=4 redir=0000000000010000 asserted=0
    pin=5 redir=0000000000010000 asserted=0
    pin=6 redir=0000000000010000 asserted=0
    pin=7 redir=0000000000010000 asserted=0
    pin=8 redir=0000000000010000 asserted=0
    pin=9 redir=0000000000010000 asserted=0
    pin=10 redir=0000000000010000 asserted=0
    pin=11 redir=0000000000010000 asserted=0
    pin=12 redir=0000000000010000 asserted=0
    pin=13 redir=0000000000010000 asserted=0
    pin=14 redir=0000000000010000 asserted=0
    pin=15 redir=0000000000010000 asserted=0
    pin=16 redir=0000000000010000 asserted=0
    pin=17 redir=0000000000010000 asserted=0
    pin=18 redir=0000000000010000 asserted=0
    pin=19 redir=0000000000010000 asserted=0
    pin=20 redir=0000000000010000 asserted=0
    pin=21 redir=0000000000010000 asserted=0
    pin=22 redir=0000000000010000 asserted=0
    pin=23 redir=0000000000010000 asserted=0
  PIT0 mode=2 count=38980 reload=0 gate=1 output=0
  PIT1 mode=0 count=0 reload=0 gate=1 output=0
  PIT2 mode=0 count=0 reload=0 gate=0 output=0
  RTC index=07 A=26 B=02 C=50 D=80 time=12:00:50 ticks=1640650 second=50
  IDE channel 1f0 selected=0 IRQ=0 pending=0
  IDE 1f0.0 kind=1 cmd=20 at=44960813000 ns status=40 error=00 features=00 count=01 lba=000000 dh=e0 nIEN=0 IRQ=0 pending=0
    phase=idle buffer=512/512 block_end=512 limit=512 write_lba=0 packet=0 cdb_pos=0 CDB=00 00 00 00 00 00 00 00 00 00 00 00 
  IDE 1f0.1 kind=0 cmd=00 at=0 ns status=00 error=01 features=00 count=01 lba=000000 dh=e0 nIEN=0 IRQ=0 pending=0
    phase=idle buffer=0/0 block_end=0 limit=512 write_lba=0 packet=0 cdb_pos=0 CDB=00 00 00 00 00 00 00 00 00 00 00 00 
  IDE channel 170 selected=0 IRQ=0 pending=0
  IDE 170.0 kind=2 cmd=a0 at=44834219250 ns status=40 error=00 features=00 count=03 lba=080000 dh=a0 nIEN=0 IRQ=0 pending=0
    phase=idle buffer=2048/2048 block_end=2048 limit=2048 write_lba=0 packet=1 cdb_pos=12 CDB=28 00 00 00 00 b4 00 00 01 00 00 00 
  IDE 170.1 kind=0 cmd=00 at=0 ns status=00 error=01 features=00 count=00 lba=080000 dh=a0 nIEN=0 IRQ=0 pending=0
    phase=idle buffer=0/0 block_end=0 limit=512 write_lba=0 packet=0 cdb_pos=0 CDB=00 00 00 00 00 00 00 00 00 00 00 00 
  VGA text screen:
                                MS-DOS Version 6                                
                            Fixed Disk Setup Program                            
                    (C)Copyright Microsoft Corp. 1983 - 1993                    
                                                                                
                                 FDISK Options                                  
                                                                                
    Current fixed disk drive: 1                                                 
                                                                                
    Choose one of the following:                                                
                                                                                
    1. Create DOS partition or Logical DOS Drive                                
    2. Set active partition                                                     
    3. Delete partition or Logical DOS Drive                                    
    4. Display partition information                                            
                                                                                
                                                                                
                                                                                
    Enter choice: [1]                                                           
                                                                                
                                                                                
                                                                                
                                                                                
                                                                                
                                                                                
    Press Esc to exit FDISK                                                     
sail-x86-system: framebuffer 720x400x4 saved to build/os-boot/msdos-cd-01.png
[234796617] CS:RIP=000f:0000a69f mode=R
  RAX=0000000000008400 RBX=0000000000000001 RCX=0000000000000001 RDX=0000000000000d80
  RSP=0000000000000a92 RBP=0000000000009706 RSI=000000000000010d RDI=0000000000000018
  R8 =0000000000000000 R9 =0000000000000000 R10=0000000000000000 R11=0000000000000000
  R12=0000000000000000 R13=0000000000000000 R14=0000000000000000 R15=0000000000000000
  K0 =0000000000000000 K1 =0000000000000000 K2 =0000000000000000 K3 =0000000000000000
  K4 =0000000000000000 K5 =0000000000000000 K6 =0000000000000000 K7 =0000000000000000
  YMM16=0000000000000000000000000000000000000000000000000000000000000000
  CS=000f DS=010e ES=11b7 SS=010e FS=0000 GS=0000
  FLAGS CF=0 PF=1 AF=0 ZF=1 SF=0 OF=0 DF=0 IF=1
  CR0=0000000000000030 CR2=0000000000000000 CR3=0000000000000000 CR4=0000000000000000 EFER=0000000000000000
  CPL=0 GDTR=000000000008f466:002f IDTR=0000000000000000:03ff LDTR=0000
  SEG[0] base=0000000000011b70 limit=0000ffff D/B=0 DPL=0 type=3
  SEG[1] base=00000000000000f0 limit=0000ffff D/B=0 DPL=0 type=b
  SEG[2] base=00000000000010e0 limit=0000ffff D/B=0 DPL=0 type=3
  SEG[3] base=00000000000010e0 limit=0000ffff D/B=0 DPL=0 type=3
  SEG[4] base=0000000000000000 limit=0000ffff D/B=0 DPL=0 type=3
  SEG[5] base=0000000000000000 limit=0000ffff D/B=0 DPL=0 type=3
  APIC SVR=000001ff TPR=00 PPR=00 TIMER=00010000 COUNT=0 pending=-1
    initial=0 divide=0 LINT0=00008700 LINT1=00008400 clock=58699154250 ns
    vectors   0- 31 IRR=00000000 ISR=00000000 TMR=00000000
    vectors  32- 63 IRR=00000000 ISR=00000000 TMR=00000000
    vectors  64- 95 IRR=00000000 ISR=00000000 TMR=00000000
    vectors  96-127 IRR=00000000 ISR=00000000 TMR=00000000
    vectors 128-159 IRR=00000000 ISR=00000000 TMR=00000000
    vectors 160-191 IRR=00000000 ISR=00000000 TMR=00000000
    vectors 192-223 IRR=00000000 ISR=00000000 TMR=00000000
    vectors 224-255 IRR=00000000 ISR=00000000 TMR=00000000
  PIC master IRR=10 IMR=b8 ISR=00  slave IRR=00 IMR=8e ISR=00  running
  IOAPIC id=0 select=00
    pin=0 redir=0000000000010000 asserted=0
    pin=1 redir=0000000000010000 asserted=0
    pin=2 redir=0000000000010000 asserted=0
    pin=3 redir=0000000000010000 asserted=0
    pin=4 redir=0000000000010000 asserted=0
    pin=5 redir=0000000000010000 asserted=0
    pin=6 redir=0000000000010000 asserted=0
    pin=7 redir=0000000000010000 asserted=0
    pin=8 redir=0000000000010000 asserted=0
    pin=9 redir=0000000000010000 asserted=0
    pin=10 redir=0000000000010000 asserted=0
    pin=11 redir=0000000000010000 asserted=0
    pin=12 redir=0000000000010000 asserted=0
    pin=13 redir=0000000000010000 asserted=0
    pin=14 redir=0000000000010000 asserted=0
    pin=15 redir=0000000000010000 asserted=0
    pin=16 redir=0000000000010000 asserted=0
    pin=17 redir=0000000000010000 asserted=0
    pin=18 redir=0000000000010000 asserted=0
    pin=19 redir=0000000000010000 asserted=0
    pin=20 redir=0000000000010000 asserted=0
    pin=21 redir=0000000000010000 asserted=0
    pin=22 redir=0000000000010000 asserted=0
    pin=23 redir=0000000000010000 asserted=0
  PIT0 mode=2 count=31349 reload=0 gate=1 output=0
  PIT1 mode=0 count=0 reload=0 gate=1 output=0
  PIT2 mode=0 count=0 reload=0 gate=0 output=0
  RTC index=07 A=26 B=02 C=50 D=80 time=12:00:58 ticks=1923453 second=58
  IDE channel 1f0 selected=0 IRQ=0 pending=0
  IDE 1f0.0 kind=1 cmd=30 at=58570464500 ns status=40 error=00 features=00 count=01 lba=000333 dh=e0 nIEN=0 IRQ=0 pending=0
    phase=idle buffer=512/512 block_end=512 limit=512 write_lba=820 packet=0 cdb_pos=0 CDB=00 00 00 00 00 00 00 00 00 00 00 00 
  IDE 1f0.1 kind=0 cmd=00 at=0 ns status=00 error=01 features=00 count=01 lba=000333 dh=e0 nIEN=0 IRQ=0 pending=0
    phase=idle buffer=0/0 block_end=0 limit=512 write_lba=0 packet=0 cdb_pos=0 CDB=00 00 00 00 00 00 00 00 00 00 00 00 
  IDE channel 170 selected=0 IRQ=0 pending=0
  IDE 170.0 kind=2 cmd=a0 at=44834219250 ns status=40 error=00 features=00 count=03 lba=080000 dh=a0 nIEN=0 IRQ=0 pending=0
    phase=idle buffer=2048/2048 block_end=2048 limit=2048 write_lba=0 packet=1 cdb_pos=12 CDB=28 00 00 00 00 b4 00 00 01 00 00 00 
  IDE 170.1 kind=0 cmd=00 at=0 ns status=00 error=01 features=00 count=00 lba=080000 dh=a0 nIEN=0 IRQ=0 pending=0
    phase=idle buffer=0/0 block_end=0 limit=512 write_lba=0 packet=0 cdb_pos=0 CDB=00 00 00 00 00 00 00 00 00 00 00 00 
  VGA text screen:
                                                                                
                                                                                
                                                                                
                                                                                
                          Create Primary DOS Partition                          
                                                                                
    Current fixed disk drive: 1                                                 
                                                                                
    Do you wish to use the maximum available size for a Primary DOS Partition   
    and make the partition active (Y/N).....................? [Y]               
                                                                                
                                                                                
                                                                                
                                                                                
                                                                                
                                                                                
                                                                                
                                                                                
                                                                                
                                                                                
                                                                                
                                                                                
                                                                                
                                                                                
    Press Esc to return to FDISK Options                                        
sail-x86-system: framebuffer 720x400x4 saved to build/os-boot/msdos-cd-01.png
[282756781] CS:RIP=000f:0000759c mode=R
  RAX=0000000000000700 RBX=0000000000000000 RCX=0000000000000000 RDX=000000000000ffff
  RSP=0000000000000a94 RBP=0000000000009726 RSI=000000000000010d RDI=000000000000977d
  R8 =0000000000000000 R9 =0000000000000000 R10=0000000000000000 R11=0000000000000000
  R12=0000000000000000 R13=0000000000000000 R14=0000000000000000 R15=0000000000000000
  K0 =0000000000000000 K1 =0000000000000000 K2 =0000000000000000 K3 =0000000000000000
  K4 =0000000000000000 K5 =0000000000000000 K6 =0000000000000000 K7 =0000000000000000
  YMM16=0000000000000000000000000000000000000000000000000000000000000000
  CS=000f DS=010e ES=010e SS=010e FS=0000 GS=0000
  FLAGS CF=0 PF=0 AF=0 ZF=0 SF=0 OF=0 DF=0 IF=1
  CR0=0000000000000030 CR2=0000000000000000 CR3=0000000000000000 CR4=0000000000000000 EFER=0000000000000000
  CPL=0 GDTR=000000000008f466:002f IDTR=0000000000000000:03ff LDTR=0000
  SEG[0] base=00000000000010e0 limit=0000ffff D/B=0 DPL=0 type=3
  SEG[1] base=00000000000000f0 limit=0000ffff D/B=0 DPL=0 type=b
  SEG[2] base=00000000000010e0 limit=0000ffff D/B=0 DPL=0 type=3
  SEG[3] base=00000000000010e0 limit=0000ffff D/B=0 DPL=0 type=3
  SEG[4] base=0000000000000000 limit=0000ffff D/B=0 DPL=0 type=3
  SEG[5] base=0000000000000000 limit=0000ffff D/B=0 DPL=0 type=3
  APIC SVR=000001ff TPR=00 PPR=00 TIMER=00010000 COUNT=0 pending=-1
    initial=0 divide=0 LINT0=00008700 LINT1=00008400 clock=70689195250 ns
    vectors   0- 31 IRR=00000000 ISR=00000000 TMR=00000000
    vectors  32- 63 IRR=00000000 ISR=00000000 TMR=00000000
    vectors  64- 95 IRR=00000000 ISR=00000000 TMR=00000000
    vectors  96-127 IRR=00000000 ISR=00000000 TMR=00000000
    vectors 128-159 IRR=00000000 ISR=00000000 TMR=00000000
    vectors 160-191 IRR=00000000 ISR=00000000 TMR=00000000
    vectors 192-223 IRR=00000000 ISR=00000000 TMR=00000000
    vectors 224-255 IRR=00000000 ISR=00000000 TMR=00000000
  PIC master IRR=10 IMR=b8 ISR=00  slave IRR=00 IMR=8e ISR=00  running
  IOAPIC id=0 select=00
    pin=0 redir=0000000000010000 asserted=0
    pin=1 redir=0000000000010000 asserted=0
    pin=2 redir=0000000000010000 asserted=0
    pin=3 redir=0000000000010000 asserted=0
    pin=4 redir=0000000000010000 asserted=0
    pin=5 redir=0000000000010000 asserted=0
    pin=6 redir=0000000000010000 asserted=0
    pin=7 redir=0000000000010000 asserted=0
    pin=8 redir=0000000000010000 asserted=0
    pin=9 redir=0000000000010000 asserted=0
    pin=10 redir=0000000000010000 asserted=0
    pin=11 redir=0000000000010000 asserted=0
    pin=12 redir=0000000000010000 asserted=0
    pin=13 redir=0000000000010000 asserted=0
    pin=14 redir=0000000000010000 asserted=0
    pin=15 redir=0000000000010000 asserted=0
    pin=16 redir=0000000000010000 asserted=0
    pin=17 redir=0000000000010000 asserted=0
    pin=18 redir=0000000000010000 asserted=0
    pin=19 redir=0000000000010000 asserted=0
    pin=20 redir=0000000000010000 asserted=0
    pin=21 redir=0000000000010000 asserted=0
    pin=22 redir=0000000000010000 asserted=0
    pin=23 redir=0000000000010000 asserted=0
  PIT0 mode=2 count=14127 reload=0 gate=1 output=0
  PIT1 mode=0 count=0 reload=0 gate=1 output=0
  PIT2 mode=0 count=0 reload=0 gate=0 output=0
  RTC index=07 A=26 B=02 C=50 D=80 time=12:01:10 ticks=2316343 second=70
  IDE channel 1f0 selected=0 IRQ=0 pending=0
  IDE 1f0.0 kind=1 cmd=30 at=70544297500 ns status=40 error=00 features=00 count=01 lba=000000 dh=e0 nIEN=0 IRQ=0 pending=0
    phase=idle buffer=512/512 block_end=512 limit=512 write_lba=1 packet=0 cdb_pos=0 CDB=00 00 00 00 00 00 00 00 00 00 00 00 
  IDE 1f0.1 kind=0 cmd=00 at=0 ns status=00 error=01 features=00 count=01 lba=000000 dh=e0 nIEN=0 IRQ=0 pending=0
    phase=idle buffer=0/0 block_end=0 limit=512 write_lba=0 packet=0 cdb_pos=0 CDB=00 00 00 00 00 00 00 00 00 00 00 00 
  IDE channel 170 selected=0 IRQ=0 pending=0
  IDE 170.0 kind=2 cmd=a0 at=44834219250 ns status=40 error=00 features=00 count=03 lba=080000 dh=a0 nIEN=0 IRQ=0 pending=0
    phase=idle buffer=2048/2048 block_end=2048 limit=2048 write_lba=0 packet=1 cdb_pos=12 CDB=28 00 00 00 00 b4 00 00 01 00 00 00 
  IDE 170.1 kind=0 cmd=00 at=0 ns status=00 error=01 features=00 count=00 lba=080000 dh=a0 nIEN=0 IRQ=0 pending=0
    phase=idle buffer=0/0 block_end=0 limit=512 write_lba=0 packet=0 cdb_pos=0 CDB=00 00 00 00 00 00 00 00 00 00 00 00 
  VGA text screen:
                                                                                
                                                                                
                                                                                
                                                                                
                                                                                
                                                                                
                                                                                
                                                                                
                                                                                
                                                                                
                                                                                
                                                                                
                                                                                
    System will now restart                                                     
                                                                                
    Insert DOS system diskette in drive A:                                      
    Press any key when ready . . .                                              
                                                                                
                                                                                
                                                                                
                                                                                
                                                                                
                                                                                
                                                                                
                                                                                
sail-x86-system: framebuffer 720x400x4 saved to build/os-boot/msdos-cd-01.png
[340098139] CS:RIP=0246:000000bf mode=R
  RAX=0000000000000300 RBX=000000000000037c RCX=0000000000000001 RDX=0000000000000000
  RSP=0000000000000a72 RBP=0000000000000a6c RSI=00000000000000ee RDI=00000000000003bc
  R8 =0000000000000000 R9 =0000000000000000 R10=0000000000000000 R11=0000000000000000
  R12=0000000000000000 R13=0000000000000000 R14=0000000000000000 R15=0000000000000000
  K0 =0000000000000000 K1 =0000000000000000 K2 =0000000000000000 K3 =0000000000000000
  K4 =0000000000000000 K5 =0000000000000000 K6 =0000000000000000 K7 =0000000000000000
  YMM16=0000000000000000000000000000000000000000000000000000000000000000
  CS=0246 DS=0070 ES=010e SS=010e FS=0000 GS=0000
  FLAGS CF=1 PF=1 AF=0 ZF=1 SF=0 OF=0 DF=0 IF=1
  CR0=0000000000000030 CR2=0000000000000000 CR3=0000000000000000 CR4=0000000000000000 EFER=0000000000000000
  CPL=0 GDTR=000000000008f466:002f IDTR=0000000000000000:03ff LDTR=0000
  SEG[0] base=00000000000010e0 limit=0000ffff D/B=0 DPL=0 type=3
  SEG[1] base=0000000000002460 limit=0000ffff D/B=0 DPL=0 type=b
  SEG[2] base=00000000000010e0 limit=0000ffff D/B=0 DPL=0 type=3
  SEG[3] base=0000000000000700 limit=0000ffff D/B=0 DPL=0 type=3
  SEG[4] base=0000000000000000 limit=0000ffff D/B=0 DPL=0 type=3
  SEG[5] base=0000000000000000 limit=0000ffff D/B=0 DPL=0 type=3
  APIC SVR=000001ff TPR=00 PPR=00 TIMER=00010000 COUNT=0 pending=-1
    initial=0 divide=0 LINT0=00008700 LINT1=00008400 clock=85024534750 ns
    vectors   0- 31 IRR=00000000 ISR=00000000 TMR=00000000
    vectors  32- 63 IRR=00000000 ISR=00000000 TMR=00000000
    vectors  64- 95 IRR=00000000 ISR=00000000 TMR=00000000
    vectors  96-127 IRR=00000000 ISR=00000000 TMR=00000000
    vectors 128-159 IRR=00000000 ISR=00000000 TMR=00000000
    vectors 160-191 IRR=00000000 ISR=00000000 TMR=00000000
    vectors 192-223 IRR=00000000 ISR=00000000 TMR=00000000
    vectors 224-255 IRR=00000000 ISR=00000000 TMR=00000000
  PIC master IRR=10 IMR=b8 ISR=00  slave IRR=00 IMR=8e ISR=00  running
  IOAPIC id=0 select=00
    pin=0 redir=0000000000010000 asserted=0
    pin=1 redir=0000000000010000 asserted=0
    pin=2 redir=0000000000010000 asserted=0
    pin=3 redir=0000000000010000 asserted=0
    pin=4 redir=0000000000010000 asserted=0
    pin=5 redir=0000000000010000 asserted=0
    pin=6 redir=0000000000010000 asserted=0
    pin=7 redir=0000000000010000 asserted=0
    pin=8 redir=0000000000010000 asserted=0
    pin=9 redir=0000000000010000 asserted=0
    pin=10 redir=0000000000010000 asserted=0
    pin=11 redir=0000000000010000 asserted=0
    pin=12 redir=0000000000010000 asserted=0
    pin=13 redir=0000000000010000 asserted=0
    pin=14 redir=0000000000010000 asserted=0
    pin=15 redir=0000000000010000 asserted=0
    pin=16 redir=0000000000010000 asserted=0
    pin=17 redir=0000000000010000 asserted=0
    pin=18 redir=0000000000010000 asserted=0
    pin=19 redir=0000000000010000 asserted=0
    pin=20 redir=0000000000010000 asserted=0
    pin=21 redir=0000000000010000 asserted=0
    pin=22 redir=0000000000010000 asserted=0
    pin=23 redir=0000000000010000 asserted=0
  PIT0 mode=2 count=17368 reload=0 gate=1 output=0
  PIT1 mode=0 count=0 reload=0 gate=1 output=0
  PIT2 mode=0 count=0 reload=0 gate=0 output=0
  RTC index=07 A=26 B=02 C=50 D=80 time=12:01:25 ticks=2786083 second=85
  IDE channel 1f0 selected=0 IRQ=0 pending=0
  IDE 1f0.0 kind=1 cmd=30 at=70544297500 ns status=40 error=00 features=00 count=01 lba=000000 dh=e0 nIEN=0 IRQ=0 pending=0
    phase=idle buffer=512/512 block_end=512 limit=512 write_lba=1 packet=0 cdb_pos=0 CDB=00 00 00 00 00 00 00 00 00 00 00 00 
  IDE 1f0.1 kind=0 cmd=00 at=0 ns status=00 error=01 features=00 count=01 lba=000000 dh=e0 nIEN=0 IRQ=0 pending=0
    phase=idle buffer=0/0 block_end=0 limit=512 write_lba=0 packet=0 cdb_pos=0 CDB=00 00 00 00 00 00 00 00 00 00 00 00 
  IDE channel 170 selected=0 IRQ=0 pending=0
  IDE 170.0 kind=2 cmd=a0 at=44834219250 ns status=40 error=00 features=00 count=03 lba=080000 dh=a0 nIEN=0 IRQ=0 pending=0
    phase=idle buffer=2048/2048 block_end=2048 limit=2048 write_lba=0 packet=1 cdb_pos=12 CDB=28 00 00 00 00 b4 00 00 01 00 00 00 
  IDE 170.1 kind=0 cmd=00 at=0 ns status=00 error=01 features=00 count=00 lba=080000 dh=a0 nIEN=0 IRQ=0 pending=0
    phase=idle buffer=0/0 block_end=0 limit=512 write_lba=0 packet=0 cdb_pos=0 CDB=00 00 00 00 00 00 00 00 00 00 00 00 
  VGA text screen:
                                                                                
                                                                                
                                                                                
                                                                                
                                                                                
                                                                                
                                                                                
                                                                                
                                                                                
                                                                                
                                                                                
                                                                                
                                                                                
    System will now restart                                                     
                                                                                
    Insert DOS system diskette in drive A:                                      
    Press any key when ready . . .                                              
                                                                                
                                                                                
                                                                                
                                                                                
                                                                                
                                                                                
                                                                                
                                                                                
sail-x86-system: exited after 342312090 instructions
