fsck.fat 4.2 (2021-01-31)
Checking we can access the last sector of the filesystem
Boot sector contents:
System ID "MSWIN4.1"
Media byte 0xf8 (hard disk)
       512 bytes per logical sector
      4096 bytes per cluster
        32 reserved sectors
First FAT starts at byte 16384 (sector 32)
         2 FATs, 32 bit entries
   1045504 bytes per FAT (= 2042 sectors)
Root directory start at cluster 2 (arbitrary size)
Data area starts at byte 2107392 (sector 4116)
    261309 data clusters (1070321664 bytes)
63 sectors/track, 16 heads
      2048 hidden sectors
   2094592 sectors total
/ReactOS/SYSTEM32/D3DX9_40.DLL
  Contains a free cluster (22529). Assuming EOF.
/ReactOS/SYSTEM32/D3DX9_40.DLL
  File size is 1126912 bytes, cluster chain length is 131072 bytes.
  Truncating file to 131072 bytes.
/ReactOS/SYSTEM32/SPOOL/DRIVERS/W32X86/3
 Start does point to root directory. Deleting dir. 
/ReactOS/Microsoft.NET/Framework/v2.0.50727/FUSION.DLL
  Expected a valid '.' entry in this slot.
  Moving entry down.
/ReactOS/Microsoft.NET/Framework/v2.0.50727
  Expected a valid '..' entry in the second slot, found free entry.
  Creating.
Checking for unused clusters.
Reclaimed 119 unused clusters (487424 bytes).
Checking free cluster summary.
Free cluster summary wrong (195144 vs. really 195390)
  Auto-correcting.

Leaving filesystem unchanged.
build/os-boot/reactos-sailc-fixed-offline-partition.img: 1133 files, 65919/261309 clusters
