fsck.fat 4.2 (2021-01-31)
Checking we can access the last sector of the filesystem
There are differences between boot sector and its backup.
This is mostly harmless. Differences: (offset:original/backup)
  65:00/01
  Not automatically fixing this.
Boot sector contents:
System ID "MSWIN4.1"
Media byte 0xf8 (hard disk)
       512 bytes per logical sector
      4096 bytes per cluster
        32 reserved sectors
First FAT starts at byte 16384 (sector 32)
         2 FATs, 32 bit entries
   1045504 bytes per FAT (= 2042 sectors)
Root directory start at cluster 2 (arbitrary size)
Data area starts at byte 2107392 (sector 4116)
    261309 data clusters (1070321664 bytes)
63 sectors/track, 16 heads
      2048 hidden sectors
   2094592 sectors total
Checking for unused clusters.
Checking free cluster summary.
build/os-boot/reactos-qemu-control-partition.img: 1133 files, 66207/261309 clusters
